--------------------------------------------------------------------------------
Release 14.7 Trace  (nt64)
Copyright (c) 1995-2013 Xilinx, Inc.  All rights reserved.

D:\Xilinx\14.7\ISE_DS\ISE\bin\nt64\unwrapped\trce.exe -intstyle ise -v 3 -s 3
-n 3 -fastpaths -xml Test_2.twx Test_2.ncd -o Test_2.twr Test_2.pcf -ucf
Test_2_gj.ucf

Design file:              Test_2.ncd
Physical constraint file: Test_2.pcf
Device,package,speed:     xc6slx16,csg324,C,-3 (PRODUCTION 1.23 2013-10-13)
Report level:             verbose report

Environment Variable      Effect 
--------------------      ------ 
NONE                      No environment variables were set
--------------------------------------------------------------------------------

INFO:Timing:2698 - No timing constraints found, doing default enumeration.
INFO:Timing:3412 - To improve timing, see the Timing Closure User Guide (UG612).
INFO:Timing:2752 - To get complete path coverage, use the unconstrained paths 
   option. All paths that are not constrained will be reported in the 
   unconstrained paths section(s) of the report.
INFO:Timing:3339 - The clock-to-out numbers in this timing report are based on 
   a 50 Ohm transmission line loading model.  For the details of this model, 
   and for more information on accounting for different loading conditions, 
   please see the device datasheet.



Data Sheet report:
-----------------
All values displayed in nanoseconds (ns)

Pad to Pad
---------------+---------------+---------+
Source Pad     |Destination Pad|  Delay  |
---------------+---------------+---------+
A<0>           |C4             |    8.576|
A<0>           |F<0>           |    8.003|
A<0>           |F<1>           |    7.482|
A<0>           |F<2>           |    7.633|
A<0>           |F<3>           |    8.202|
A<1>           |C4             |    8.092|
A<1>           |F<1>           |    6.998|
A<1>           |F<2>           |    7.149|
A<1>           |F<3>           |    7.718|
A<2>           |C4             |    7.378|
A<2>           |F<2>           |    7.078|
A<2>           |F<3>           |    7.004|
A<3>           |C4             |    7.513|
A<3>           |F<3>           |    7.139|
B<0>           |C4             |    8.697|
B<0>           |F<0>           |    7.824|
B<0>           |F<1>           |    7.603|
B<0>           |F<2>           |    7.754|
B<0>           |F<3>           |    8.323|
B<1>           |C4             |    8.209|
B<1>           |F<1>           |    7.115|
B<1>           |F<2>           |    7.266|
B<1>           |F<3>           |    7.835|
B<2>           |C4             |    7.446|
B<2>           |F<2>           |    6.861|
B<2>           |F<3>           |    7.072|
B<3>           |C4             |    7.894|
B<3>           |F<3>           |    7.520|
C0             |C4             |   12.419|
C0             |F<0>           |   11.071|
C0             |F<1>           |   11.325|
C0             |F<2>           |   11.476|
C0             |F<3>           |   12.045|
---------------+---------------+---------+


Analysis completed Tue Apr 18 11:29:10 2017 
--------------------------------------------------------------------------------

Trace Settings:
-------------------------
Trace Settings 

Peak Memory Usage: 245 MB



